
Error: write EPIPE
    at afterWriteDispatched (node:internal/stream_base_commons:160:15)
    at writeGeneric (node:internal/stream_base_commons:151:3)
    at Socket._writeGeneric (node:net:924:11)
    at Socket._write (node:net:936:8)
    at writeOrBuffer (node:internal/streams/writable:392:12)
    at _write (node:internal/streams/writable:333:10)
    at Writable.write (node:internal/streams/writable:337:10)
    at [_writeToOutput] [as _writeToOutput] (node:internal/readline/interface:443:19)
    at REPLServer.prompt (node:internal/readline/interface:398:27)
    at REPLServer.displayPrompt (node:repl:1176:8)

Error: write EPIPE
    at afterWriteDispatched (node:internal/stream_base_commons:160:15)
    at writeGeneric (node:internal/stream_base_commons:151:3)
    at Socket._writeGeneric (node:net:924:11)
    at Socket._write (node:net:936:8)
    at writeOrBuffer (node:internal/streams/writable:392:12)
    at _write (node:internal/streams/writable:333:10)
    at Writable.write (node:internal/streams/writable:337:10)
    at [_writeToOutput] [as _writeToOutput] (node:internal/readline/interface:443:19)
    at REPLServer.prompt (node:internal/readline/interface:398:27)
    at REPLServer.displayPrompt (node:repl:1176:8)

Error: write EPIPE
    at afterWriteDispatched (node:internal/stream_base_commons:160:15)
    at writeGeneric (node:internal/stream_base_commons:151:3)
    at Socket._writeGeneric (node:net:924:11)
    at Socket._write (node:net:936:8)
    at writeOrBuffer (node:internal/streams/writable:392:12)
    at _write (node:internal/streams/writable:333:10)
    at Writable.write (node:internal/streams/writable:337:10)
    at [_writeToOutput] [as _writeToOutput] (node:internal/readline/interface:443:19)
    at REPLServer.prompt (node:internal/readline/interface:398:27)
    at REPLServer.displayPrompt (node:repl:1176:8)

Error: write EPIPE
    at afterWriteDispatched (node:internal/stream_base_commons:160:15)
    at writeGeneric (node:internal/stream_base_commons:151:3)
    at Socket._writeGeneric (node:net:924:11)
    at Socket._write (node:net:936:8)
    at writeOrBuffer (node:internal/streams/writable:392:12)
    at _write (node:internal/streams/writable:333:10)
    at Writable.write (node:internal/streams/writable:337:10)
    at [_writeToOutput] [as _writeToOutput] (node:internal/readline/interface:443:19)
    at REPLServer.prompt (node:internal/readline/interface:398:27)
    at REPLServer.displayPrompt (node:repl:1176:8)

Error: write EPIPE
    at afterWriteDispatched (node:internal/stream_base_commons:160:15)
    at writeGeneric (node:internal/stream_base_commons:151:3)
    at Socket._writeGeneric (node:net:924:11)
    at Socket._write (node:net:936:8)
    at writeOrBuffer (node:internal/streams/writable:392:12)
    at _write (node:internal/streams/writable:333:10)
    at Writable.write (node:internal/streams/writable:337:10)
    at [_writeToOutput] [as _writeToOutput] (node:internal/readline/interface:443:19)
    at REPLServer.prompt (node:internal/readline/interface:398:27)
    at REPLServer.displayPrompt (node:repl:1176:8)

Error: write EPIPE
    at afterWriteDispatched (node:internal/stream_base_commons:160:15)
    at writeGeneric (node:internal/stream_base_commons:151:3)
    at Socket._writeGeneric (node:net:924:11)
    at Socket._write (node:net:936:8)
    at writeOrBuffer (node:internal/streams/writable:392:12)
    at _write (node:internal/streams/writable:333:10)
    at Writable.write (node:internal/streams/writable:337:10)
    at [_writeToOutput] [as _writeToOutput] (node:internal/readline/interface:443:19)
    at REPLServer.prompt (node:internal/readline/interface:398:27)
    at REPLServer.displayPrompt (node:repl:1176:8)

Error: write EPIPE
    at afterWriteDispatched (node:internal/stream_base_commons:160:15)
    at writeGeneric (node:internal/stream_base_commons:151:3)
    at Socket._writeGeneric (node:net:924:11)
    at Socket._write (node:net:936:8)
    at writeOrBuffer (node:internal/streams/writable:392:12)
    at _write (node:internal/streams/writable:333:10)
    at Writable.write (node:internal/streams/writable:337:10)
    at [_writeToOutput] [as _writeToOutput] (node:internal/readline/interface:443:19)
    at REPLServer.prompt (node:internal/readline/interface:398:27)
    at REPLServer.displayPrompt (node:repl:1176:8)

Error: write EPIPE
    at afterWriteDispatched (node:internal/stream_base_commons:160:15)
    at writeGeneric (node:internal/stream_base_commons:151:3)
    at Socket._writeGeneric (node:net:924:11)
    at Socket._write (node:net:936:8)
    at writeOrBuffer (node:internal/streams/writable:392:12)
    at _write (node:internal/streams/writable:333:10)
    at Writable.write (node:internal/streams/writable:337:10)
    at [_writeToOutput] [as _writeToOutput] (node:internal/readline/interface:443:19)
    at REPLServer.prompt (node:internal/readline/interface:398:27)
    at REPLServer.displayPrompt (node:repl:1176:8)

Error: write EPIPE
    at afterWriteDispatched (node:internal/stream_base_commons:160:15)
    at writeGeneric (node:internal/stream_base_commons:151:3)
    at Socket._writeGeneric (node:net:924:11)
    at Socket._write (node:net:936:8)
    at writeOrBuffer (node:internal/streams/writable:392:12)
    at _write (node:internal/streams/writable:333:10)
    at Writable.write (node:internal/streams/writable:337:10)
    at [_writeToOutput] [as _writeToOutput] (node:internal/readline/interface:443:19)
    at REPLServer.prompt (node:internal/readline/interface:398:27)
    at REPLServer.displayPrompt (node:repl:1176:8)

Error: write EPIPE
    at afterWriteDispatched (node:internal/stream_base_commons:160:15)
    at writeGeneric (node:internal/stream_base_commons:151:3)
    at Socket._writeGeneric (node:net:924:11)
    at Socket._write (node:net:936:8)
    at writeOrBuffer (node:internal/streams/writable:392:12)
    at _write (node:internal/streams/writable:333:10)
    at Writable.write (node:internal/streams/writable:337:10)
    at [_writeToOutput] [as _writeToOutput] (node:internal/readline/interface:443:19)
    at REPLServer.prompt (node:internal/readline/interface:398:27)
    at REPLServer.displayPrompt (node:repl:1176:8)

Error: write EPIPE
    at afterWriteDispatched (node:internal/stream_base_commons:160:15)
    at writeGeneric (node:internal/stream_base_commons:151:3)
    at Socket._writeGeneric (node:net:924:11)
    at Socket._write (node:net:936:8)
    at writeOrBuffer (node:internal/streams/writable:392:12)
    at _write (node:internal/streams/writable:333:10)
    at Writable.write (node:internal/streams/writable:337:10)
    at [_writeToOutput] [as _writeToOutput] (node:internal/readline/interface:443:19)
    at REPLServer.prompt (node:internal/readline/interface:398:27)
    at REPLServer.displayPrompt (node:repl:1176:8)

Error: write EPIPE
    at afterWriteDispatched (node:internal/stream_base_commons:160:15)
    at writeGeneric (node:internal/stream_base_commons:151:3)
    at Socket._writeGeneric (node:net:924:11)
    at Socket._write (node:net:936:8)
    at writeOrBuffer (node:internal/streams/writable:392:12)
    at _write (node:internal/streams/writable:333:10)
    at Writable.write (node:internal/streams/writable:337:10)
    at [_writeToOutput] [as _writeToOutput] (node:internal/readline/interface:443:19)
    at REPLServer.prompt (node:internal/readline/interface:398:27)
    at REPLServer.displayPrompt (node:repl:1176:8)

Error: write EPIPE
    at afterWriteDispatched (node:internal/stream_base_commons:160:15)
    at writeGeneric (node:internal/stream_base_commons:151:3)
    at Socket._writeGeneric (node:net:924:11)
    at Socket._write (node:net:936:8)
    at writeOrBuffer (node:internal/streams/writable:392:12)
    at _write (node:internal/streams/writable:333:10)
    at Writable.write (node:internal/streams/writable:337:10)
    at [_writeToOutput] [as _writeToOutput] (node:internal/readline/interface:443:19)
    at REPLServer.prompt (node:internal/readline/interface:398:27)
    at REPLServer.displayPrompt (node:repl:1176:8)

Error: write EPIPE
    at afterWriteDispatched (node:internal/stream_base_commons:160:15)
    at writeGeneric (node:internal/stream_base_commons:151:3)
    at Socket._writeGeneric (node:net:924:11)
    at Socket._write (node:net:936:8)
    at writeOrBuffer (node:internal/streams/writable:392:12)
    at _write (node:internal/streams/writable:333:10)
    at Writable.write (node:internal/streams/writable:337:10)
    at [_writeToOutput] [as _writeToOutput] (node:internal/readline/interface:443:19)
    at REPLServer.prompt (node:internal/readline/interface:398:27)
    at REPLServer.displayPrompt (node:repl:1176:8)

Error: write EPIPE
    at afterWriteDispatched (node:internal/stream_base_commons:160:15)
    at writeGeneric (node:internal/stream_base_commons:151:3)
    at Socket._writeGeneric (node:net:924:11)
    at Socket._write (node:net:936:8)
    at writeOrBuffer (node:internal/streams/writable:392:12)
    at _write (node:internal/streams/writable:333:10)
    at Writable.write (node:internal/streams/writable:337:10)
    at [_writeToOutput] [as _writeToOutput] (node:internal/readline/interface:443:19)
    at REPLServer.prompt (node:internal/readline/interface:398:27)
    at REPLServer.displayPrompt (node:repl:1176:8)

Error: write EPIPE
    at afterWriteDispatched (node:internal/stream_base_commons:160:15)
    at writeGeneric (node:internal/stream_base_commons:151:3)
    at Socket._writeGeneric (node:net:924:11)
    at Socket._write (node:net:936:8)
    at writeOrBuffer (node:internal/streams/writable:392:12)
    at _write (node:internal/streams/writable:333:10)
    at Writable.write (node:internal/streams/writable:337:10)
    at [_writeToOutput] [as _writeToOutput] (node:internal/readline/interface:443:19)
    at REPLServer.prompt (node:internal/readline/interface:398:27)
    at REPLServer.displayPrompt (node:repl:1176:8)

Error: write EPIPE
    at afterWriteDispatched (node:internal/stream_base_commons:160:15)
    at writeGeneric (node:internal/stream_base_commons:151:3)
    at Socket._writeGeneric (node:net:924:11)
    at Socket._write (node:net:936:8)
    at writeOrBuffer (node:internal/streams/writable:392:12)
    at _write (node:internal/streams/writable:333:10)
    at Writable.write (node:internal/streams/writable:337:10)
    at [_writeToOutput] [as _writeToOutput] (node:internal/readline/interface:443:19)
    at REPLServer.prompt (node:internal/readline/interface:398:27)
    at REPLServer.displayPrompt (node:repl:1176:8)

Error: write EPIPE
    at afterWriteDispatched (node:internal/stream_base_commons:160:15)
    at writeGeneric (node:internal/stream_base_commons:151:3)
    at Socket._writeGeneric (node:net:924:11)
    at Socket._write (node:net:936:8)
    at writeOrBuffer (node:internal/streams/writable:392:12)
    at _write (node:internal/streams/writable:333:10)
    at Writable.write (node:internal/streams/writable:337:10)
    at [_writeToOutput] [as _writeToOutput] (node:internal/readline/interface:443:19)
    at REPLServer.prompt (node:internal/readline/interface:398:27)
    at REPLServer.displayPrompt (node:repl:1176:8)

Error: write EPIPE
    at afterWriteDispatched (node:internal/stream_base_commons:160:15)
    at writeGeneric (node:internal/stream_base_commons:151:3)
    at Socket._writeGeneric (node:net:924:11)
    at Socket._write (node:net:936:8)
    at writeOrBuffer (node:internal/streams/writable:392:12)
    at _write (node:internal/streams/writable:333:10)
    at Writable.write (node:internal/streams/writable:337:10)
    at [_writeToOutput] [as _writeToOutput] (node:internal/readline/interface:443:19)
    at REPLServer.prompt (node:internal/readline/interface:398:27)
    at REPLServer.displayPrompt (node:repl:1176:8)

Error: write EPIPE
    at afterWriteDispatched (node:internal/stream_base_commons:160:15)
    at writeGeneric (node:internal/stream_base_commons:151:3)
    at Socket._writeGeneric (node:net:924:11)
    at Socket._write (node:net:936:8)
    at writeOrBuffer (node:internal/streams/writable:392:12)
    at _write (node:internal/streams/writable:333:10)
    at Writable.write (node:internal/streams/writable:337:10)
    at [_writeToOutput] [as _writeToOutput] (node:internal/readline/interface:443:19)
    at REPLServer.prompt (node:internal/readline/interface:398:27)
    at REPLServer.displayPrompt (node:repl:1176:8)

Error: write EPIPE
    at afterWriteDispatched (node:internal/stream_base_commons:160:15)
    at writeGeneric (node:internal/stream_base_commons:151:3)
    at Socket._writeGeneric (node:net:924:11)
    at Socket._write (node:net:936:8)
    at writeOrBuffer (node:internal/streams/writable:392:12)
    at _write (node:internal/streams/writable:333:10)
    at Writable.write (node:internal/streams/writable:337:10)
    at [_writeToOutput] [as _writeToOutput] (node:internal/readline/interface:443:19)
    at REPLServer.prompt (node:internal/readline/interface:398:27)
    at REPLServer.displayPrompt (node:repl:1176:8)

Error: Invalid generation 9 for a Gen 8 format ([Gen 9] 6v6 Doubles Draft)
    at Object.onValidateRule (/home/doran/Desktop/pokemon-showdown-master/dist/data/rulesets.js:5461:15)
    at DexFormats.getRuleTable (/home/doran/Desktop/pokemon-showdown-master/dist/sim/dex-formats.js:654:49)
    at DexFormats.getRuleTable (/home/doran/Desktop/pokemon-showdown-master/dist/sim/dex-formats.js:604:33)
    at DexFormats.getRuleTable (/home/doran/Desktop/pokemon-showdown-master/dist/sim/dex-formats.js:474:28)
    at get formatListText [as formatListText] (/home/doran/Desktop/pokemon-showdown-master/dist/server/rooms.js:1222:37)
    at GlobalRoomState.handleConnect (/home/doran/Desktop/pokemon-showdown-master/dist/server/rooms.js:1459:82)
    at Object.socketConnect (/home/doran/Desktop/pokemon-showdown-master/dist/server/users.js:1303:16)
    at Object.onSpawn (/home/doran/Desktop/pokemon-showdown-master/dist/server/sockets.js:62:17)
    at process.processTicksAndRejections (node:internal/process/task_queues:95:5)

Error: write EPIPE
    at afterWriteDispatched (node:internal/stream_base_commons:160:15)
    at writeGeneric (node:internal/stream_base_commons:151:3)
    at Socket._writeGeneric (node:net:924:11)
    at Socket._write (node:net:936:8)
    at writeOrBuffer (node:internal/streams/writable:392:12)
    at _write (node:internal/streams/writable:333:10)
    at Writable.write (node:internal/streams/writable:337:10)
    at [_writeToOutput] [as _writeToOutput] (node:internal/readline/interface:443:19)
    at REPLServer.prompt (node:internal/readline/interface:398:27)
    at REPLServer.displayPrompt (node:repl:1176:8)

Error: write EPIPE
    at afterWriteDispatched (node:internal/stream_base_commons:160:15)
    at writeGeneric (node:internal/stream_base_commons:151:3)
    at Socket._writeGeneric (node:net:924:11)
    at Socket._write (node:net:936:8)
    at writeOrBuffer (node:internal/streams/writable:392:12)
    at _write (node:internal/streams/writable:333:10)
    at Writable.write (node:internal/streams/writable:337:10)
    at [_writeToOutput] [as _writeToOutput] (node:internal/readline/interface:443:19)
    at REPLServer.prompt (node:internal/readline/interface:398:27)
    at REPLServer.displayPrompt (node:repl:1176:8)

Error: write EPIPE
    at afterWriteDispatched (node:internal/stream_base_commons:160:15)
    at writeGeneric (node:internal/stream_base_commons:151:3)
    at Socket._writeGeneric (node:net:924:11)
    at Socket._write (node:net:936:8)
    at writeOrBuffer (node:internal/streams/writable:392:12)
    at _write (node:internal/streams/writable:333:10)
    at Writable.write (node:internal/streams/writable:337:10)
    at [_writeToOutput] [as _writeToOutput] (node:internal/readline/interface:443:19)
    at REPLServer.prompt (node:internal/readline/interface:398:27)
    at REPLServer.displayPrompt (node:repl:1176:8)

Error: write EPIPE
    at afterWriteDispatched (node:internal/stream_base_commons:160:15)
    at writeGeneric (node:internal/stream_base_commons:151:3)
    at Socket._writeGeneric (node:net:924:11)
    at Socket._write (node:net:936:8)
    at writeOrBuffer (node:internal/streams/writable:392:12)
    at _write (node:internal/streams/writable:333:10)
    at Writable.write (node:internal/streams/writable:337:10)
    at [_writeToOutput] [as _writeToOutput] (node:internal/readline/interface:443:19)
    at REPLServer.prompt (node:internal/readline/interface:398:27)
    at REPLServer.displayPrompt (node:repl:1176:8)

Error: write EPIPE
    at afterWriteDispatched (node:internal/stream_base_commons:160:15)
    at writeGeneric (node:internal/stream_base_commons:151:3)
    at Socket._writeGeneric (node:net:924:11)
    at Socket._write (node:net:936:8)
    at writeOrBuffer (node:internal/streams/writable:392:12)
    at _write (node:internal/streams/writable:333:10)
    at Writable.write (node:internal/streams/writable:337:10)
    at [_writeToOutput] [as _writeToOutput] (node:internal/readline/interface:443:19)
    at REPLServer.prompt (node:internal/readline/interface:398:27)
    at REPLServer.displayPrompt (node:repl:1176:8)

Error: write EPIPE
    at afterWriteDispatched (node:internal/stream_base_commons:160:15)
    at writeGeneric (node:internal/stream_base_commons:151:3)
    at Socket._writeGeneric (node:net:924:11)
    at Socket._write (node:net:936:8)
    at writeOrBuffer (node:internal/streams/writable:392:12)
    at _write (node:internal/streams/writable:333:10)
    at Writable.write (node:internal/streams/writable:337:10)
    at [_writeToOutput] [as _writeToOutput] (node:internal/readline/interface:443:19)
    at REPLServer.prompt (node:internal/readline/interface:398:27)
    at REPLServer.displayPrompt (node:repl:1176:8)

Error: write EPIPE
    at afterWriteDispatched (node:internal/stream_base_commons:160:15)
    at writeGeneric (node:internal/stream_base_commons:151:3)
    at Socket._writeGeneric (node:net:924:11)
    at Socket._write (node:net:936:8)
    at writeOrBuffer (node:internal/streams/writable:392:12)
    at _write (node:internal/streams/writable:333:10)
    at Writable.write (node:internal/streams/writable:337:10)
    at [_writeToOutput] [as _writeToOutput] (node:internal/readline/interface:443:19)
    at REPLServer.prompt (node:internal/readline/interface:398:27)
    at REPLServer.displayPrompt (node:repl:1176:8)

Error: write EPIPE
    at afterWriteDispatched (node:internal/stream_base_commons:160:15)
    at writeGeneric (node:internal/stream_base_commons:151:3)
    at Socket._writeGeneric (node:net:924:11)
    at Socket._write (node:net:936:8)
    at writeOrBuffer (node:internal/streams/writable:392:12)
    at _write (node:internal/streams/writable:333:10)
    at Writable.write (node:internal/streams/writable:337:10)
    at [_writeToOutput] [as _writeToOutput] (node:internal/readline/interface:443:19)
    at REPLServer.prompt (node:internal/readline/interface:398:27)
    at REPLServer.displayPrompt (node:repl:1176:8)

Error: write EPIPE
    at afterWriteDispatched (node:internal/stream_base_commons:160:15)
    at writeGeneric (node:internal/stream_base_commons:151:3)
    at Socket._writeGeneric (node:net:924:11)
    at Socket._write (node:net:936:8)
    at writeOrBuffer (node:internal/streams/writable:392:12)
    at _write (node:internal/streams/writable:333:10)
    at Writable.write (node:internal/streams/writable:337:10)
    at [_writeToOutput] [as _writeToOutput] (node:internal/readline/interface:443:19)
    at REPLServer.prompt (node:internal/readline/interface:398:27)
    at REPLServer.displayPrompt (node:repl:1176:8)

Error: write EPIPE
    at afterWriteDispatched (node:internal/stream_base_commons:160:15)
    at writeGeneric (node:internal/stream_base_commons:151:3)
    at Socket._writeGeneric (node:net:924:11)
    at Socket._write (node:net:936:8)
    at writeOrBuffer (node:internal/streams/writable:392:12)
    at _write (node:internal/streams/writable:333:10)
    at Writable.write (node:internal/streams/writable:337:10)
    at [_writeToOutput] [as _writeToOutput] (node:internal/readline/interface:443:19)
    at REPLServer.prompt (node:internal/readline/interface:398:27)
    at REPLServer.displayPrompt (node:repl:1176:8)

Error: write EPIPE
    at afterWriteDispatched (node:internal/stream_base_commons:160:15)
    at writeGeneric (node:internal/stream_base_commons:151:3)
    at Socket._writeGeneric (node:net:924:11)
    at Socket._write (node:net:936:8)
    at writeOrBuffer (node:internal/streams/writable:392:12)
    at _write (node:internal/streams/writable:333:10)
    at Writable.write (node:internal/streams/writable:337:10)
    at [_writeToOutput] [as _writeToOutput] (node:internal/readline/interface:443:19)
    at REPLServer.prompt (node:internal/readline/interface:398:27)
    at REPLServer.displayPrompt (node:repl:1176:8)

Error: write EPIPE
    at afterWriteDispatched (node:internal/stream_base_commons:160:15)
    at writeGeneric (node:internal/stream_base_commons:151:3)
    at Socket._writeGeneric (node:net:924:11)
    at Socket._write (node:net:936:8)
    at writeOrBuffer (node:internal/streams/writable:392:12)
    at _write (node:internal/streams/writable:333:10)
    at Writable.write (node:internal/streams/writable:337:10)
    at [_writeToOutput] [as _writeToOutput] (node:internal/readline/interface:443:19)
    at REPLServer.prompt (node:internal/readline/interface:398:27)
    at REPLServer.displayPrompt (node:repl:1176:8)

Error: write EPIPE
    at afterWriteDispatched (node:internal/stream_base_commons:160:15)
    at writeGeneric (node:internal/stream_base_commons:151:3)
    at Socket._writeGeneric (node:net:924:11)
    at Socket._write (node:net:936:8)
    at writeOrBuffer (node:internal/streams/writable:392:12)
    at _write (node:internal/streams/writable:333:10)
    at Writable.write (node:internal/streams/writable:337:10)
    at [_writeToOutput] [as _writeToOutput] (node:internal/readline/interface:443:19)
    at REPLServer.prompt (node:internal/readline/interface:398:27)
    at REPLServer.displayPrompt (node:repl:1176:8)
